2026-09-20T15:40:25.866053Z 0 [System] [MY-013169] [Server] C:\Program Files\MySQL\MySQL Server 8.0\bin\mysqld.exe (mysqld 8.0.31) initializing of server in progress as process 16784
2026-09-20T15:40:26.001499Z 1 [System] [MY-013576] [InnoDB] InnoDB initialization has started.
2026-09-20T15:40:26.940460Z 1 [System] [MY-013577] [InnoDB] InnoDB initialization has ended.
2026-09-20T15:40:29.054229Z 6 [Warning] [MY-010453] [Server] root@localhost is created with an empty password ! Please consider switching off the --initialize-insecure option.
2026-09-20T15:51:22.150681Z 0 [System] [MY-010116] [Server] C:\Program Files\MySQL\MySQL Server 8.0\bin\mysqld.exe (mysqld 8.0.31) starting as process 27932
2026-09-20T15:51:22.176298Z 1 [System] [MY-013576] [InnoDB] InnoDB initialization has started.
2026-09-20T15:51:22.178238Z 1 [ERROR] [MY-012271] [InnoDB] The innodb_system data file 'ibdata1' must be writable
2026-09-20T15:51:22.178591Z 1 [ERROR] [MY-012278] [InnoDB] The innodb_system data file 'ibdata1' must be writable
2026-09-20T15:51:22.179528Z 1 [ERROR] [MY-010334] [Server] Failed to initialize DD Storage Engine
2026-09-20T15:51:22.180628Z 0 [ERROR] [MY-010020] [Server] Data Dictionary initialization failed.
2026-09-20T15:51:22.180945Z 0 [ERROR] [MY-010119] [Server] Aborting
2026-09-20T15:51:22.186900Z 0 [System] [MY-010910] [Server] C:\Program Files\MySQL\MySQL Server 8.0\bin\mysqld.exe: Shutdown complete (mysqld 8.0.31)  MySQL Community Server - GPL.
2026-09-20T15:51:25.869318Z 0 [System] [MY-010116] [Server] C:\Program Files\MySQL\MySQL Server 8.0\bin\mysqld.exe (mysqld 8.0.31) starting as process 11020
2026-09-20T15:51:25.898296Z 1 [System] [MY-013576] [InnoDB] InnoDB initialization has started.
2026-09-20T15:51:25.899355Z 1 [ERROR] [MY-012271] [InnoDB] The innodb_system data file 'ibdata1' must be writable
2026-09-20T15:51:25.899712Z 1 [ERROR] [MY-012278] [InnoDB] The innodb_system data file 'ibdata1' must be writable
2026-09-20T15:51:25.900080Z 1 [ERROR] [MY-010334] [Server] Failed to initialize DD Storage Engine
2026-09-20T15:51:25.900597Z 0 [ERROR] [MY-010020] [Server] Data Dictionary initialization failed.
2026-09-20T15:51:25.900911Z 0 [ERROR] [MY-010119] [Server] Aborting
2026-09-20T15:51:25.901327Z 0 [System] [MY-010910] [Server] C:\Program Files\MySQL\MySQL Server 8.0\bin\mysqld.exe: Shutdown complete (mysqld 8.0.31)  MySQL Community Server - GPL.
