2026.09.20 20:56:31 INFO  Started: Metals version 1.6.9 in folders 'C:\Users\SAI ANISH\Downloads\java-swing-expense-management' for client Visual Studio Code 1.136.1.
2026.09.20 20:56:31 INFO  Memory monitor started
2026.09.20 20:56:34 WARN  Using H2 2.5.250 which is newer than the version Flyway has been verified with. The latest verified version of H2 is 2.3.232.
2026.09.20 20:56:35 INFO  no build target found for C:\Users\SAI ANISH\Downloads\java-swing-expense-management\java_project\src\db\CategoryDAO.java. Using fallback presentation compiler.
Sep 20, 2026 8:56:37 PM org.eclipse.lsp4j.jsonrpc.RemoteEndpoint handleCancellation
WARNING: Unmatched cancel notification for request id 2
Sep 20, 2026 8:56:37 PM org.eclipse.lsp4j.jsonrpc.RemoteEndpoint handleCancellation
WARNING: Unmatched cancel notification for request id 5
Sep 20, 2026 8:56:37 PM org.eclipse.lsp4j.jsonrpc.RemoteEndpoint handleCancellation
WARNING: Unmatched cancel notification for request id 1
2026.09.20 20:56:37 INFO  no build target found for C:\Users\SAI ANISH\Downloads\java-swing-expense-management\java_project\src\db\CategoryDAO.java. Using fallback presentation compiler.
2026.09.20 20:56:38 WARN  no build tool detected in workspace 'C:\Users\SAI ANISH\Downloads\java-swing-expense-management'. The most common cause for this problem is that the editor was opened in the wrong working directory, for example if you use sbt then the workspace directory should contain build.sbt. 
2026.09.20 20:56:38 WARN  Build server is not auto-connectable.
2026.09.20 20:56:38 WARN  no build target for: C:\Users\SAI ANISH\Downloads\java-swing-expense-management\java_project\src\db\CategoryDAO.java
2026.09.20 20:56:40 WARN  Running javac-semanticdb failed for file:///C:/Users/SAI%20ANISH/Downloads/java-swing-expense-management/java_project/src/db/CategoryDAO.java. Output:

2026.09.20 20:56:40 INFO  time: code lens generation in 1.97s
2026.09.20 20:57:43 INFO  no build target found for C:\Users\SAI ANISH\Downloads\java-swing-expense-management\java_project\src\db\CategoryDAO.java. Using fallback presentation compiler.
Sep 20, 2026 8:58:34 PM org.eclipse.lsp4j.jsonrpc.services.GenericEndpoint notify
INFO: Unsupported notification method: $/setTrace
Sep 20, 2026 8:58:35 PM org.eclipse.lsp4j.jsonrpc.services.GenericEndpoint notify
INFO: Unsupported notification method: $/setTrace
